
> @varpet/editor@0.0.0 build /Users/davitstepanyan/Documents/varpet/apps/editor
> vite build

(!) Your Vite config uses features that are unsupported by `configLoader: 'native'`, which is planned to become the default in a future major version of Vite:
  - import "./server/sharing" without a file extension (vite.config.ts:4:31). Add the file extension
  - import "../src/contracts" without a file extension (server/sharing.ts:8:50). Add the file extension
  - import "../src/core/validation" without a file extension (server/sharing.ts:9:41). Add the file extension
  - import "./furniture-bounds" without a file extension (src/core/validation.ts:1:37). Add the file extension
  - import "./furniture-support" without a file extension (src/core/validation.ts:2:80). Add the file extension
  - import "./decoration-placement" without a file extension (src/core/validation.ts:3:84). Add the file extension
  - import "../contracts" without a file extension (src/core/validation.ts:4:132). Add the file extension
  - import "./geometry" without a file extension (src/core/validation.ts:6:35). Add the file extension
  - import "./opening-collision" without a file extension (src/core/validation.ts:7:61). Add the file extension
  - import "./ceiling-design" without a file extension (src/core/validation.ts:8:57). Add the file extension
  - import "./heights" without a file extension (src/core/validation.ts:9:32). Add the file extension
  - import "../contracts" without a file extension (src/core/heights.ts:1:59). Add the file extension
  - import "../contracts" without a file extension (src/core/furniture-bounds.ts:1:54). Add the file extension
  - import "./furniture-bounds" without a file extension (src/core/decoration-placement.ts:1:37). Add the file extension
  - import "../contracts" without a file extension (src/core/geometry.ts:1:73). Add the file extension
  - import "../contracts" without a file extension (src/core/furniture-support.ts:1:63). Add the file extension
  - import "../contracts" without a file extension (src/core/opening-collision.ts:1:57). Add the file extension
  - import "../contracts" without a file extension (src/core/ceiling-design.ts:1:94). Add the file extension
  - import "./wall-surfaces" without a file extension (src/core/heights.ts:2:34). Add the file extension
  - import "../contracts" without a file extension (src/core/decoration-placement.ts:2:63). Add the file extension
  - import "./decoration-placement" without a file extension (src/core/furniture-support.ts:2:84). Add the file extension
  - import "./geometry" without a file extension (src/core/opening-collision.ts:2:28). Add the file extension
  - import "./heights" without a file extension (src/core/ceiling-design.ts:2:51). Add the file extension
  - import "./validation" without a file extension (src/core/decoration-placement.ts:3:32). Add the file extension
  - import "./validation" without a file extension (src/core/furniture-support.ts:3:49). Add the file extension
  - import "./heights" without a file extension (src/core/decoration-placement.ts:4:51). Add the file extension
  - import "../contracts" without a file extension (src/core/wall-surfaces.ts:1:55). Add the file extension
Set `VITE_CONFIG_NATIVE_IGNORE_WARNING=true` to suppress this warning.
vite v8.3.1 building client environment for production...
(node:40316) ExperimentalWarning: SQLite is an experimental feature and might change at any time
(Use `node --trace-warnings ...` to show where the warning was created)
transforming...
✓ 222 modules transformed.
rendering chunks...
computing gzip size...
dist/index.html                                       1.92 kB │ gzip:   0.86 kB
dist/assets/roughness-CvBUliYO.jpg                   67.93 kB
dist/assets/window-oak-box-B6ZAKB1-.glb             148.03 kB
dist/assets/basecolor-CII6jJTV.jpg                  180.32 kB
dist/assets/door-shaker-sage-DdCud-75.glb           181.68 kB
dist/assets/roughness-D99O-dXN.jpg                  182.37 kB
dist/assets/door-flush-white-CACAuCbg.glb           190.94 kB
dist/assets/window-panoramic-slider-BBg0cUp9.glb    192.76 kB
dist/assets/basecolor-Dw9Lz3II.jpg                  222.84 kB
dist/assets/basecolor-BtF-RFhP.jpg                  224.56 kB
dist/assets/window-bath-hopper-BN7UT36G.glb         245.90 kB
dist/assets/basecolor-ByAeVaum.jpg                  257.16 kB
dist/assets/door-steel-french-CP_NSiHi.glb          284.24 kB
dist/assets/window-pvc-tilt-turn-C8Nm6Hxq.glb       288.95 kB
dist/assets/door-oak-glazed-C5-Tb1Js.glb            292.74 kB
dist/assets/roughness-BrR4thzw.jpg                  328.38 kB
dist/assets/window-alu-transom-We908v6M.glb         347.27 kB
dist/assets/roughness-BEj5AgH4.jpg                  367.25 kB
dist/assets/door-entrance-armored-DeBeL-n2.glb      368.92 kB
dist/assets/window-pvc-tall-D-pdQeSN.glb            380.42 kB
dist/assets/window-pvc-single-BWIqREOn.glb          380.42 kB
dist/assets/basecolor-CmfNOeZl.jpg                  380.43 kB
dist/assets/roughness-BfvNI1lq.jpg                  411.53 kB
dist/assets/pdf.worker.min-Dswkl-cV.mjs           1,265.41 kB
dist/assets/viewport-KF9VjJeK.css                     1.43 kB │ gzip:   0.56 kB
dist/assets/blueprint-construction-DZpd2eTm.css       5.51 kB │ gzip:   1.69 kB
dist/assets/portal-BXTeIkBl.css                      18.94 kB │ gzip:   4.87 kB
dist/assets/auth-CqZsESM1.css                        22.67 kB │ gzip:   4.34 kB
dist/assets/index-DmkcpnWI.css                       45.66 kB │ gzip:   8.98 kB
dist/assets/main-D_nM4w6z.css                        88.62 kB │ gzip:  15.69 kB
dist/assets/preview-Bc26MsuZ.js                       1.48 kB │ gzip:   0.89 kB
dist/assets/built-catalog-CN9ZbnVr.js                 1.83 kB │ gzip:   0.94 kB
dist/assets/shared-viewer-0akbkQJ2.js                 2.86 kB │ gzip:   1.27 kB
dist/assets/blueprint-source-WaTLyLc1.js              3.17 kB │ gzip:   1.44 kB
dist/assets/architect-http-CLIhrDkS.js                4.83 kB │ gzip:   2.05 kB
dist/assets/database-catalog-Dd5intSM.js              5.63 kB │ gzip:   2.59 kB
dist/assets/ceiling-design-CMQSC0aR.js                9.77 kB │ gzip:   4.03 kB
dist/assets/blueprint-construction-aEE0kO57.js       11.53 kB │ gzip:   4.99 kB
dist/assets/auth-DsQSlXlR.js                         13.30 kB │ gzip:   5.24 kB
dist/assets/blueprint-theme-C7hfin6V.js              28.91 kB │ gzip:   9.78 kB
dist/assets/portal-CDSQrhVT.js                       38.14 kB │ gzip:  12.93 kB
dist/assets/index-LnaMEXGi.js                        49.40 kB │ gzip:  17.78 kB
dist/assets/viewport-Aw5ZGtM5.js                    276.63 kB │ gzip:  81.75 kB
dist/assets/main-B9qonMd3.js                        346.64 kB │ gzip: 113.59 kB
dist/assets/blueprint-pdf-D1_M6GjV.js               430.84 kB │ gzip: 129.20 kB
dist/assets/structure-NG3hZ7m2.js                   981.16 kB │ gzip: 298.13 kB
dist/assets/app-By6lpOBB.js                       1,194.49 kB │ gzip: 839.56 kB

✓ built in 555ms
[plugin builtin:vite-reporter]
(!) Some chunks are larger than 500 kB after minification. Consider:
- Using dynamic import() to code-split the application
- Use build.rolldownOptions.output.codeSplitting to improve chunking: https://rolldown.rs/reference/OutputOptions.codeSplitting
- Adjust chunk size limit for this warning via build.chunkSizeWarningLimit.
