
> @varpet/editor@0.0.0 build /Users/davitstepanyan/Documents/varpet/apps/editor
> vite build

(!) Your Vite config uses features that are unsupported by `configLoader: 'native'`, which is planned to become the default in a future major version of Vite:
  - import "./server/sharing" without a file extension (vite.config.ts:4:31). Add the file extension
  - import "../src/contracts" without a file extension (server/sharing.ts:8:50). Add the file extension
  - import "../src/core/validation" without a file extension (server/sharing.ts:9:41). Add the file extension
  - import "../contracts" without a file extension (src/core/validation.ts:1:132). Add the file extension
  - import "./geometry" without a file extension (src/core/validation.ts:3:35). Add the file extension
  - import "./opening-collision" without a file extension (src/core/validation.ts:4:61). Add the file extension
  - import "./ceiling-design" without a file extension (src/core/validation.ts:5:57). Add the file extension
  - import "./heights" without a file extension (src/core/validation.ts:6:32). Add the file extension
  - import "../contracts" without a file extension (src/core/heights.ts:1:59). Add the file extension
  - import "../contracts" without a file extension (src/core/opening-collision.ts:1:57). Add the file extension
  - import "../contracts" without a file extension (src/core/geometry.ts:1:73). Add the file extension
  - import "../contracts" without a file extension (src/core/ceiling-design.ts:1:94). Add the file extension
  - import "./wall-surfaces" without a file extension (src/core/heights.ts:2:34). Add the file extension
  - import "./geometry" without a file extension (src/core/opening-collision.ts:2:28). Add the file extension
  - import "./heights" without a file extension (src/core/ceiling-design.ts:2:51). Add the file extension
  - import "../contracts" without a file extension (src/core/wall-surfaces.ts:1:55). Add the file extension
Set `VITE_CONFIG_NATIVE_IGNORE_WARNING=true` to suppress this warning.
vite v8.3.1 building client environment for production...
(node:4855) ExperimentalWarning: SQLite is an experimental feature and might change at any time
(Use `node --trace-warnings ...` to show where the warning was created)
transforming...
✓ 202 modules transformed.
rendering chunks...
computing gzip size...
dist/index.html                                       1.25 kB │ gzip:   0.58 kB
dist/assets/roughness-CvBUliYO.jpg                   67.93 kB
dist/assets/window-oak-box-B6ZAKB1-.glb             148.03 kB
dist/assets/basecolor-CII6jJTV.jpg                  180.32 kB
dist/assets/door-shaker-sage-DdCud-75.glb           181.68 kB
dist/assets/roughness-D99O-dXN.jpg                  182.37 kB
dist/assets/door-flush-white-CACAuCbg.glb           190.94 kB
dist/assets/window-panoramic-slider-BBg0cUp9.glb    192.76 kB
dist/assets/basecolor-Dw9Lz3II.jpg                  222.84 kB
dist/assets/window-bath-hopper-BN7UT36G.glb         245.90 kB
dist/assets/basecolor-ByAeVaum.jpg                  257.16 kB
dist/assets/door-steel-french-CP_NSiHi.glb          284.24 kB
dist/assets/window-pvc-tilt-turn-C8Nm6Hxq.glb       288.95 kB
dist/assets/door-oak-glazed-C5-Tb1Js.glb            292.74 kB
dist/assets/roughness-BrR4thzw.jpg                  328.38 kB
dist/assets/window-alu-transom-We908v6M.glb         347.27 kB
dist/assets/door-entrance-armored-DeBeL-n2.glb      368.92 kB
dist/assets/basecolor-CmfNOeZl.jpg                  380.43 kB
dist/assets/roughness-BfvNI1lq.jpg                  411.53 kB
dist/assets/viewport-KF9VjJeK.css                     1.43 kB │ gzip:   0.56 kB
dist/assets/architect-stage-D5RYhB9j.css              2.47 kB │ gzip:   0.88 kB
dist/assets/portal-uULfLwjS.css                      10.70 kB │ gzip:   2.88 kB
dist/assets/auth-CqZsESM1.css                        22.67 kB │ gzip:   4.34 kB
dist/assets/index-DqWlwZSs.css                       37.75 kB │ gzip:   7.48 kB
dist/assets/main-2Y8dzz2d.css                        84.38 kB │ gzip:  14.90 kB
dist/assets/preview-DBdEpWRW.js                       1.48 kB │ gzip:   0.89 kB
dist/assets/built-catalog-DavrBwN7.js                 1.83 kB │ gzip:   0.94 kB
dist/assets/RoomEnvironment-DNyKkTwQ.js               2.04 kB │ gzip:   0.88 kB
dist/assets/shared-viewer-DvuVeJjn.js                 2.76 kB │ gzip:   1.22 kB
dist/assets/database-catalog-Mct3BBes.js              5.10 kB │ gzip:   2.41 kB
dist/assets/architect-http-CCyBP5G_.js                5.42 kB │ gzip:   2.23 kB
dist/assets/ceiling-design-BztMFUml.js                9.52 kB │ gzip:   3.92 kB
dist/assets/auth-BsX3UIrN.js                         13.29 kB │ gzip:   5.23 kB
dist/assets/portal-BpMHCP3C.js                       23.58 kB │ gzip:   7.87 kB
dist/assets/icons-Bl5i14KV.js                        26.59 kB │ gzip:   9.71 kB
dist/assets/index-BAnQFNup.js                        37.26 kB │ gzip:  13.27 kB
dist/assets/architect-stage-CS6kKWXY.js              56.52 kB │ gzip:  18.90 kB
dist/assets/viewport-DuJ2gDX5.js                    257.87 kB │ gzip:  75.04 kB
dist/assets/main-CtKuyobu.js                        341.77 kB │ gzip: 112.02 kB
dist/assets/structure-DjtA1lon.js                   984.10 kB │ gzip: 298.31 kB
dist/assets/app-BBQOGlbA.js                       1,192.35 kB │ gzip: 838.73 kB

✓ built in 206ms
[plugin builtin:vite-reporter] 
(!) Some chunks are larger than 500 kB after minification. Consider:
- Using dynamic import() to code-split the application
- Use build.rolldownOptions.output.codeSplitting to improve chunking: https://rolldown.rs/reference/OutputOptions.codeSplitting
- Adjust chunk size limit for this warning via build.chunkSizeWarningLimit.
